G G G G G G G G G G G G G G G G G G G G G G G G G G G G G G
G G G G G G G G G G G G G G G G G G G G G G G G G G G G G G
G G G G G G G G G G G G G G G G G G G G G G G G G G G G G G
G G G G G G G G G G G G G G G G G G G G G G G G G G G G G G
G G G G G G G G G G G G G G G G G G G G G G G G G G G G G G
G G G G G G G G G G G G G G G G G G G G G G G G G G G G G G
G G G G G G G G G G G G G G G G G G G G G G G G G G G G G G
G G G G G G G G G G G G G G G G G G G G G G G G G G G G G G
S R R R R R R R R B G G G G G G G G G G G G G G G G G G G G
R R R R R R R R R G G G G G G G G G G G G G G G G G G G G G
G G G G G G G R R G G G G G G G G G G G G G G G G G G G G G
G G G G G G G R R G G G G G G G G G G G G G G G G G G G G G
G G G G G G G R R G G G G G G G G G G G G G G G G G G G G G
G G G G G G G R R G G G G G G G G G G G G G G G G G G G G G
G G G G G G G R R B G G G G G G G G G G G G G G G G G G G G
G G G G G G G R R R R R R R R R R R R R R R R R R R R R R R
G G G G G G B R R R R R R R R R R R R R R R R R R R R R N R
G G G G G G G G G G G G G G G G G G G G G G G G B G G G G G
G G G G G G G G G G G G G G G G G G G G G G G G G G G G G G
G G G G G G G G G G G G G G G G G G G G G G G G G G G G G G